#
# There is insufficient memory for the Java Runtime Environment to continue.
# Native memory allocation (malloc) failed to allocate 65552 bytes for Chunk::new
# Possible reasons:
#   The system is out of physical RAM or swap space
#   The process is running with CompressedOops enabled, and the Java Heap may be blocking the growth of the native heap
# Possible solutions:
#   Reduce memory load on the system
#   Increase physical memory or swap space
#   Check if swap backing store is full
#   Decrease Java heap size (-Xmx/-Xms)
#   Decrease number of Java threads
#   Decrease Java thread stack sizes (-Xss)
#   Set larger code cache with -XX:ReservedCodeCacheSize=
#   JVM is running with Unscaled Compressed Oops mode in which the Java heap is
#     placed in the first 4GB address space. The Java Heap base address is the
#     maximum limit for the native heap growth. Please use -XX:HeapBaseMinAddress
#     to set the Java Heap base and to place the Java Heap above 4GB virtual address.
# This output file may be truncated or incomplete.
#
#  Out of Memory Error (arena.cpp:168), pid=17540, tid=3344
#
# JRE version: Java(TM) SE Runtime Environment (21.0.6+8) (build 21.0.6+8-LTS-188)
# Java VM: Java HotSpot(TM) 64-Bit Server VM (21.0.6+8-LTS-188, mixed mode, sharing, tiered, compressed oops, compressed class ptrs, g1 gc, windows-amd64)
# No core dump will be written. Minidumps are not enabled by default on client versions of Windows
#

---------------  S U M M A R Y ------------

Command Line: --add-opens=java.base/java.util=ALL-UNNAMED --add-opens=java.base/java.lang=ALL-UNNAMED --add-opens=java.base/java.lang.invoke=ALL-UNNAMED --add-opens=java.prefs/java.util.prefs=ALL-UNNAMED --add-exports=jdk.compiler/com.sun.tools.javac.api=ALL-UNNAMED --add-exports=jdk.compiler/com.sun.tools.javac.util=ALL-UNNAMED --add-opens=java.base/java.nio.charset=ALL-UNNAMED --add-opens=java.base/java.net=ALL-UNNAMED --add-opens=java.base/java.util.concurrent.atomic=ALL-UNNAMED -Xmx2048m -Dfile.encoding=UTF-8 -Duser.country=US -Duser.language=en -Duser.variant -javaagent:C:\Users\Admin\.gradle\wrapper\dists\gradle-8.10.2-bin\a04bxjujx95o3nb99gddekhwo\gradle-8.10.2\lib\agents\gradle-instrumentation-agent-8.10.2.jar org.gradle.launcher.daemon.bootstrap.GradleDaemon 8.10.2

Host: AMD Ryzen 5 3550H with Radeon Vega Mobile Gfx  , 8 cores, 13G,  Windows 11 , 64 bit Build 22621 (10.0.22621.3371)
Time: Fri Apr 25 13:48:37 2025 Morocco Daylight Time elapsed time: 23.170654 seconds (0d 0h 0m 23s)

---------------  T H R E A D  ---------------

Current thread (0x000002d4f1117a20):  JavaThread "C2 CompilerThread0" daemon [_thread_in_native, id=3344, stack(0x000000ebad200000,0x000000ebad300000) (1024K)]


Current CompileTask:
C2:  23170 9951       4       java.io.ObjectOutputStream::writeClassDesc (60 bytes)

Stack: [0x000000ebad200000,0x000000ebad300000]
Native frames: (J=compiled Java code, j=interpreted, Vv=VM code, C=native code)
V  [jvm.dll+0x6ca6d9]
V  [jvm.dll+0x854f51]
V  [jvm.dll+0x85747e]
V  [jvm.dll+0x857b53]
V  [jvm.dll+0x27dcc6]
V  [jvm.dll+0xc4c2d]
V  [jvm.dll+0xc5163]
V  [jvm.dll+0xc4d55]
V  [jvm.dll+0x6a76fc]
V  [jvm.dll+0x5f653b]
V  [jvm.dll+0x5f5748]
V  [jvm.dll+0x24f8a2]
V  [jvm.dll+0x247fbe]
V  [jvm.dll+0x245df4]
V  [jvm.dll+0x1c6d2e]
V  [jvm.dll+0x2554f9]
V  [jvm.dll+0x253a8a]
V  [jvm.dll+0x3ee576]
V  [jvm.dll+0x7ff2fb]
V  [jvm.dll+0x6c8dbd]
C  [ucrtbase.dll+0x29333]
C  [KERNEL32.DLL+0x1257d]
C  [ntdll.dll+0x5aa48]


---------------  P R O C E S S  ---------------

Threads class SMR info:
_java_thread_list=0x000002d4f6aeeab0, length=64, elements={
0x000002d4ce4a45c0, 0x000002d4ecf98090, 0x000002d4ecf98d40, 0x000002d4ecf99fe0,
0x000002d4ecf9bea0, 0x000002d4f1100080, 0x000002d4f1100ad0, 0x000002d4f1117a20,
0x000002d4f11184b0, 0x000002d4f11f3d10, 0x000002d4f130c310, 0x000002d4f2b52950,
0x000002d4f2bcee90, 0x000002d4f24d7e50, 0x000002d4f2cf50f0, 0x000002d4f2cfe680,
0x000002d4f20e03a0, 0x000002d4f20dcf20, 0x000002d4f20ddc40, 0x000002d4f20de2d0,
0x000002d4f20de960, 0x000002d4f20deff0, 0x000002d4f20df680, 0x000002d4f3334f20,
0x000002d4f3333b70, 0x000002d4f3331aa0, 0x000002d4f3334890, 0x000002d4f3330d80,
0x000002d4f3332130, 0x000002d4f33334e0, 0x000002d4f3334200, 0x000002d4f33327c0,
0x000002d4f3336960, 0x000002d4f3337680, 0x000002d4f3332e50, 0x000002d4f33362d0,
0x000002d4f3336ff0, 0x000002d4f3337d10, 0x000002d4f3331410, 0x000002d4f1434c20,
0x000002d4f14352b0, 0x000002d4f1435fd0, 0x000002d4f1433870, 0x000002d4f1439ae0,
0x000002d4f1433f00, 0x000002d4f143a170, 0x000002d4f14331e0, 0x000002d4f1434590,
0x000002d4f1435940, 0x000002d4f1437a10, 0x000002d4f14380a0, 0x000002d4f1438730,
0x000002d4f438da60, 0x000002d4f4391c00, 0x000002d4f4391570, 0x000002d4f4392fb0,
0x000002d4f438c020, 0x000002d4f438cd40, 0x000002d4f438d3d0, 0x000002d4f4392920,
0x000002d4f4393640, 0x000002d4f438f4a0, 0x000002d4f438e0f0, 0x000002d4f438fb30
}

Java Threads: ( => current thread )
  0x000002d4ce4a45c0 JavaThread "main"                              [_thread_blocked, id=4996, stack(0x000000ebac400000,0x000000ebac500000) (1024K)]
  0x000002d4ecf98090 JavaThread "Reference Handler"          daemon [_thread_blocked, id=8568, stack(0x000000ebacc00000,0x000000ebacd00000) (1024K)]
  0x000002d4ecf98d40 JavaThread "Finalizer"                  daemon [_thread_blocked, id=10520, stack(0x000000ebacd00000,0x000000ebace00000) (1024K)]
  0x000002d4ecf99fe0 JavaThread "Signal Dispatcher"          daemon [_thread_blocked, id=7780, stack(0x000000ebace00000,0x000000ebacf00000) (1024K)]
  0x000002d4ecf9bea0 JavaThread "Attach Listener"            daemon [_thread_blocked, id=13516, stack(0x000000ebacf00000,0x000000ebad000000) (1024K)]
  0x000002d4f1100080 JavaThread "Service Thread"             daemon [_thread_blocked, id=13648, stack(0x000000ebad000000,0x000000ebad100000) (1024K)]
  0x000002d4f1100ad0 JavaThread "Monitor Deflation Thread"   daemon [_thread_blocked, id=6120, stack(0x000000ebad100000,0x000000ebad200000) (1024K)]
=>0x000002d4f1117a20 JavaThread "C2 CompilerThread0"         daemon [_thread_in_native, id=3344, stack(0x000000ebad200000,0x000000ebad300000) (1024K)]
  0x000002d4f11184b0 JavaThread "C1 CompilerThread0"         daemon [_thread_blocked, id=17460, stack(0x000000ebad300000,0x000000ebad400000) (1024K)]
  0x000002d4f11f3d10 JavaThread "Common-Cleaner"             daemon [_thread_blocked, id=17372, stack(0x000000ebad400000,0x000000ebad500000) (1024K)]
  0x000002d4f130c310 JavaThread "Notification Thread"        daemon [_thread_blocked, id=16404, stack(0x000000ebad500000,0x000000ebad600000) (1024K)]
  0x000002d4f2b52950 JavaThread "Daemon health stats"               [_thread_blocked, id=11776, stack(0x000000ebadb00000,0x000000ebadc00000) (1024K)]
  0x000002d4f2bcee90 JavaThread "Incoming local TCP Connector on port 54870"        [_thread_in_native, id=17380, stack(0x000000ebadc00000,0x000000ebadd00000) (1024K)]
  0x000002d4f24d7e50 JavaThread "Daemon periodic checks"            [_thread_blocked, id=16964, stack(0x000000ebadd00000,0x000000ebade00000) (1024K)]
  0x000002d4f2cf50f0 JavaThread "Daemon"                            [_thread_blocked, id=18332, stack(0x000000ebade00000,0x000000ebadf00000) (1024K)]
  0x000002d4f2cfe680 JavaThread "Handler for socket connection from /127.0.0.1:54870 to /127.0.0.1:54871"        [_thread_in_native, id=17564, stack(0x000000ebadf00000,0x000000ebae000000) (1024K)]
  0x000002d4f20e03a0 JavaThread "Cancel handler"                    [_thread_blocked, id=14340, stack(0x000000ebae000000,0x000000ebae100000) (1024K)]
  0x000002d4f20dcf20 JavaThread "Daemon worker"                     [_thread_in_vm, id=11456, stack(0x000000ebae100000,0x000000ebae200000) (1024K)]
  0x000002d4f20ddc40 JavaThread "Asynchronous log dispatcher for DefaultDaemonConnection: socket connection from /127.0.0.1:54870 to /127.0.0.1:54871"        [_thread_in_vm, id=16628, stack(0x000000ebae200000,0x000000ebae300000) (1024K)]
  0x000002d4f20de2d0 JavaThread "Stdin handler"                     [_thread_blocked, id=12008, stack(0x000000ebae300000,0x000000ebae400000) (1024K)]
  0x000002d4f20de960 JavaThread "Daemon client event forwarder"        [_thread_blocked, id=17292, stack(0x000000ebae400000,0x000000ebae500000) (1024K)]
  0x000002d4f20deff0 JavaThread "Cache worker for journal cache (C:\Users\Admin\.gradle\caches\journal-1)"        [_thread_blocked, id=16952, stack(0x000000ebae500000,0x000000ebae600000) (1024K)]
  0x000002d4f20df680 JavaThread "File lock request listener"        [_thread_in_native, id=19340, stack(0x000000ebae600000,0x000000ebae700000) (1024K)]
  0x000002d4f3334f20 JavaThread "Cache worker for file hash cache (C:\Users\Admin\.gradle\caches\8.10.2\fileHashes)"        [_thread_blocked, id=16752, stack(0x000000ebae700000,0x000000ebae800000) (1024K)]
  0x000002d4f3333b70 JavaThread "File lock release action executor"        [_thread_blocked, id=15556, stack(0x000000ebae800000,0x000000ebae900000) (1024K)]
  0x000002d4f3331aa0 JavaThread "File lock release action executor Thread 2"        [_thread_blocked, id=16380, stack(0x000000ebae900000,0x000000ebaea00000) (1024K)]
  0x000002d4f3334890 JavaThread "Cache worker for file hash cache (C:\Users\Admin\AndroidStudioProjects\Drawer\.gradle\8.10.2\fileHashes)"        [_thread_blocked, id=18608, stack(0x000000ebaed00000,0x000000ebaee00000) (1024K)]
  0x000002d4f3330d80 JavaThread "Cache worker for Build Output Cleanup Cache (C:\Users\Admin\AndroidStudioProjects\Drawer\.gradle\buildOutputCleanup)"        [_thread_blocked, id=17164, stack(0x000000ebaee00000,0x000000ebaef00000) (1024K)]
  0x000002d4f3332130 JavaThread "File watcher server"        daemon [_thread_in_vm, id=13204, stack(0x000000ebaef00000,0x000000ebaf000000) (1024K)]
  0x000002d4f33334e0 JavaThread "File watcher consumer"      daemon [_thread_blocked, id=296, stack(0x000000ebaf000000,0x000000ebaf100000) (1024K)]
  0x000002d4f3334200 JavaThread "jar transforms"                    [_thread_blocked, id=16184, stack(0x000000ebaf100000,0x000000ebaf200000) (1024K)]
  0x000002d4f33327c0 JavaThread "jar transforms Thread 2"           [_thread_blocked, id=16476, stack(0x000000ebaf200000,0x000000ebaf300000) (1024K)]
  0x000002d4f3336960 JavaThread "jar transforms Thread 3"           [_thread_blocked, id=15452, stack(0x000000ebaf300000,0x000000ebaf400000) (1024K)]
  0x000002d4f3337680 JavaThread "Cache worker for checksums cache (C:\Users\Admin\AndroidStudioProjects\Drawer\.gradle\8.10.2\checksums)"        [_thread_blocked, id=7132, stack(0x000000ebaf400000,0x000000ebaf500000) (1024K)]
  0x000002d4f3332e50 JavaThread "Cache worker for file content cache (C:\Users\Admin\.gradle\caches\8.10.2\fileContent)"        [_thread_blocked, id=1528, stack(0x000000ebaf500000,0x000000ebaf600000) (1024K)]
  0x000002d4f33362d0 JavaThread "Cache worker for cache directory md-rule (C:\Users\Admin\.gradle\caches\8.10.2\md-rule)"        [_thread_blocked, id=4988, stack(0x000000ebaf600000,0x000000ebaf700000) (1024K)]
  0x000002d4f3336ff0 JavaThread "Cache worker for cache directory md-supplier (C:\Users\Admin\.gradle\caches\8.10.2\md-supplier)"        [_thread_blocked, id=17968, stack(0x000000ebaf700000,0x000000ebaf800000) (1024K)]
  0x000002d4f3337d10 JavaThread "jar transforms Thread 4"           [_thread_blocked, id=7816, stack(0x000000ebaf800000,0x000000ebaf900000) (1024K)]
  0x000002d4f3331410 JavaThread "jar transforms Thread 5"           [_thread_blocked, id=4076, stack(0x000000ebaf900000,0x000000ebafa00000) (1024K)]
  0x000002d4f1434c20 JavaThread "jar transforms Thread 6"           [_thread_blocked, id=17532, stack(0x000000ebafa00000,0x000000ebafb00000) (1024K)]
  0x000002d4f14352b0 JavaThread "jar transforms Thread 7"           [_thread_blocked, id=17128, stack(0x000000ebafb00000,0x000000ebafc00000) (1024K)]
  0x000002d4f1435fd0 JavaThread "jar transforms Thread 8"           [_thread_blocked, id=15392, stack(0x000000ebafc00000,0x000000ebafd00000) (1024K)]
  0x000002d4f1433870 JavaThread "Unconstrained build operations"        [_thread_blocked, id=5820, stack(0x000000ebafd00000,0x000000ebafe00000) (1024K)]
  0x000002d4f1439ae0 JavaThread "Unconstrained build operations Thread 2"        [_thread_blocked, id=10496, stack(0x000000ebafe00000,0x000000ebaff00000) (1024K)]
  0x000002d4f1433f00 JavaThread "Unconstrained build operations Thread 3"        [_thread_blocked, id=18328, stack(0x000000ebaff00000,0x000000ebb0000000) (1024K)]
  0x000002d4f143a170 JavaThread "Unconstrained build operations Thread 4"        [_thread_blocked, id=18036, stack(0x000000ebb0000000,0x000000ebb0100000) (1024K)]
  0x000002d4f14331e0 JavaThread "Unconstrained build operations Thread 5"        [_thread_blocked, id=17796, stack(0x000000ebb0100000,0x000000ebb0200000) (1024K)]
  0x000002d4f1434590 JavaThread "Unconstrained build operations Thread 6"        [_thread_blocked, id=14888, stack(0x000000ebb0200000,0x000000ebb0300000) (1024K)]
  0x000002d4f1435940 JavaThread "Unconstrained build operations Thread 7"        [_thread_blocked, id=4584, stack(0x000000ebb0300000,0x000000ebb0400000) (1024K)]
  0x000002d4f1437a10 JavaThread "Unconstrained build operations Thread 8"        [_thread_blocked, id=11948, stack(0x000000ebb0400000,0x000000ebb0500000) (1024K)]
  0x000002d4f14380a0 JavaThread "Unconstrained build operations Thread 9"        [_thread_blocked, id=4576, stack(0x000000ebb0500000,0x000000ebb0600000) (1024K)]
  0x000002d4f1438730 JavaThread "Unconstrained build operations Thread 10"        [_thread_blocked, id=14904, stack(0x000000ebb0600000,0x000000ebb0700000) (1024K)]
  0x000002d4f438da60 JavaThread "Unconstrained build operations Thread 11"        [_thread_blocked, id=12312, stack(0x000000ebb0700000,0x000000ebb0800000) (1024K)]
  0x000002d4f4391c00 JavaThread "Unconstrained build operations Thread 12"        [_thread_blocked, id=18620, stack(0x000000ebb0800000,0x000000ebb0900000) (1024K)]
  0x000002d4f4391570 JavaThread "Unconstrained build operations Thread 13"        [_thread_blocked, id=12516, stack(0x000000ebb0900000,0x000000ebb0a00000) (1024K)]
  0x000002d4f4392fb0 JavaThread "Unconstrained build operations Thread 14"        [_thread_blocked, id=13136, stack(0x000000ebb0a00000,0x000000ebb0b00000) (1024K)]
  0x000002d4f438c020 JavaThread "Unconstrained build operations Thread 15"        [_thread_blocked, id=2536, stack(0x000000ebb0b00000,0x000000ebb0c00000) (1024K)]
  0x000002d4f438cd40 JavaThread "Unconstrained build operations Thread 16"        [_thread_blocked, id=6832, stack(0x000000ebb0c00000,0x000000ebb0d00000) (1024K)]
  0x000002d4f438d3d0 JavaThread "Unconstrained build operations Thread 17"        [_thread_blocked, id=7092, stack(0x000000ebb0d00000,0x000000ebb0e00000) (1024K)]
  0x000002d4f4392920 JavaThread "Unconstrained build operations Thread 18"        [_thread_blocked, id=18048, stack(0x000000ebb0e00000,0x000000ebb0f00000) (1024K)]
  0x000002d4f4393640 JavaThread "Unconstrained build operations Thread 19"        [_thread_blocked, id=1692, stack(0x000000ebb0f00000,0x000000ebb1000000) (1024K)]
  0x000002d4f438f4a0 JavaThread "Unconstrained build operations Thread 20"        [_thread_blocked, id=19260, stack(0x000000ebb1000000,0x000000ebb1100000) (1024K)]
  0x000002d4f438e0f0 JavaThread "Unconstrained build operations Thread 21"        [_thread_blocked, id=19436, stack(0x000000ebb1100000,0x000000ebb1200000) (1024K)]
  0x000002d4f438fb30 JavaThread "Memory manager"                    [_thread_blocked, id=16060, stack(0x000000ebb1200000,0x000000ebb1300000) (1024K)]
Total: 64

Other Threads:
  0x000002d4ecf7fe90 VMThread "VM Thread"                           [id=4684, stack(0x000000ebacb00000,0x000000ebacc00000) (1024K)]
  0x000002d4ecf6f420 WatcherThread "VM Periodic Task Thread"        [id=15520, stack(0x000000ebaca00000,0x000000ebacb00000) (1024K)]
  0x000002d4d05a5fa0 WorkerThread "GC Thread#0"                     [id=16132, stack(0x000000ebac500000,0x000000ebac600000) (1024K)]
  0x000002d4f1a5e8b0 WorkerThread "GC Thread#1"                     [id=17672, stack(0x000000ebad600000,0x000000ebad700000) (1024K)]
  0x000002d4f17dd7b0 WorkerThread "GC Thread#2"                     [id=2340, stack(0x000000ebad700000,0x000000ebad800000) (1024K)]
  0x000002d4f17ddb50 WorkerThread "GC Thread#3"                     [id=19236, stack(0x000000ebad800000,0x000000ebad900000) (1024K)]
  0x000002d4f17d2d90 WorkerThread "GC Thread#4"                     [id=10524, stack(0x000000ebad900000,0x000000ebada00000) (1024K)]
  0x000002d4f2ebb070 WorkerThread "GC Thread#5"                     [id=16624, stack(0x000000ebada00000,0x000000ebadb00000) (1024K)]
  0x000002d4f2fc5e10 WorkerThread "GC Thread#6"                     [id=17488, stack(0x000000ebaea00000,0x000000ebaeb00000) (1024K)]
  0x000002d4f2fc5a70 WorkerThread "GC Thread#7"                     [id=18604, stack(0x000000ebaeb00000,0x000000ebaec00000) (1024K)]
  0x000002d4d05b7130 ConcurrentGCThread "G1 Main Marker"            [id=17428, stack(0x000000ebac600000,0x000000ebac700000) (1024K)]
  0x000002d4d05b83d0 WorkerThread "G1 Conc#0"                       [id=16540, stack(0x000000ebac700000,0x000000ebac800000) (1024K)]
  0x000002d4f2fc61b0 WorkerThread "G1 Conc#1"                       [id=19204, stack(0x000000ebaec00000,0x000000ebaed00000) (1024K)]
  0x000002d4ece40280 ConcurrentGCThread "G1 Refine#0"               [id=10200, stack(0x000000ebac800000,0x000000ebac900000) (1024K)]
  0x000002d4ece41d10 ConcurrentGCThread "G1 Service"                [id=18276, stack(0x000000ebac900000,0x000000ebaca00000) (1024K)]
Total: 15

Threads with active compile tasks:
C2 CompilerThread0    23208 9951       4       java.io.ObjectOutputStream::writeClassDesc (60 bytes)
Total: 1

VM state: not at safepoint (normal execution)

VM Mutex/Monitor currently owned by a thread: None

Heap address: 0x0000000080000000, size: 2048 MB, Compressed Oops mode: 32-bit

CDS archive(s) mapped at: [0x000002d480000000-0x000002d480c90000-0x000002d480c90000), size 13172736, SharedBaseAddress: 0x000002d480000000, ArchiveRelocationMode: 1.
Compressed class space mapped at: 0x000002d481000000-0x000002d4c1000000, reserved size: 1073741824
Narrow klass base: 0x000002d480000000, Narrow klass shift: 0, Narrow klass range: 0x100000000

GC Precious Log:
 CardTable entry size: 512
 Card Set container configuration: InlinePtr #cards 5 size 8 Array Of Cards #cards 12 size 40 Howl #buckets 4 coarsen threshold 1843 Howl Bitmap #cards 512 size 80 coarsen threshold 460 Card regions per heap region 1 cards per card region 2048
 CPUs: 8 total, 8 available
 Memory: 14269M
 Large Page Support: Disabled
 NUMA Support: Disabled
 Compressed Oops: Enabled (32-bit)
 Heap Region Size: 1M
 Heap Min Capacity: 8M
 Heap Initial Capacity: 224M
 Heap Max Capacity: 2G
 Pre-touch: Disabled
 Parallel Workers: 8
 Concurrent Workers: 2
 Concurrent Refinement Workers: 8
 Periodic GC: Disabled

Heap:
 garbage-first heap   total 147456K, used 109663K [0x0000000080000000, 0x0000000100000000)
  region size 1024K, 32 young (32768K), 5 survivors (5120K)
 Metaspace       used 76980K, committed 79104K, reserved 1179648K
  class space    used 10639K, committed 11648K, reserved 1048576K

Heap Regions: E=young(eden), S=young(survivor), O=old, HS=humongous(starts), HC=humongous(continues), CS=collection set, F=free, TAMS=top-at-mark-start, PB=parsable bottom
|   0|0x0000000080000000, 0x0000000080100000, 0x0000000080100000|100%| O|  |TAMS 0x0000000080000000| PB 0x0000000080000000| Untracked 
|   1|0x0000000080100000, 0x0000000080200000, 0x0000000080200000|100%| O|  |TAMS 0x0000000080100000| PB 0x0000000080100000| Untracked 
|   2|0x0000000080200000, 0x0000000080300000, 0x0000000080300000|100%|HS|  |TAMS 0x0000000080200000| PB 0x0000000080200000| Complete 
|   3|0x0000000080300000, 0x0000000080400000, 0x0000000080400000|100%|HC|  |TAMS 0x0000000080300000| PB 0x0000000080300000| Complete 
|   4|0x0000000080400000, 0x0000000080500000, 0x0000000080500000|100%|HC|  |TAMS 0x0000000080400000| PB 0x0000000080400000| Complete 
|   5|0x0000000080500000, 0x0000000080600000, 0x0000000080600000|100%|HC|  |TAMS 0x0000000080500000| PB 0x0000000080500000| Complete 
|   6|0x0000000080600000, 0x0000000080700000, 0x0000000080700000|100%| O|  |TAMS 0x0000000080600000| PB 0x0000000080600000| Untracked 
|   7|0x0000000080700000, 0x0000000080800000, 0x0000000080800000|100%| O|  |TAMS 0x0000000080700000| PB 0x0000000080700000| Untracked 
|   8|0x0000000080800000, 0x0000000080900000, 0x0000000080900000|100%| O|  |TAMS 0x0000000080800000| PB 0x0000000080800000| Untracked 
|   9|0x0000000080900000, 0x0000000080a00000, 0x0000000080a00000|100%|HS|  |TAMS 0x0000000080900000| PB 0x0000000080900000| Complete 
|  10|0x0000000080a00000, 0x0000000080b00000, 0x0000000080b00000|100%| O|  |TAMS 0x0000000080a00000| PB 0x0000000080a00000| Untracked 
|  11|0x0000000080b00000, 0x0000000080c00000, 0x0000000080c00000|100%| O|  |TAMS 0x0000000080b00000| PB 0x0000000080b00000| Untracked 
|  12|0x0000000080c00000, 0x0000000080d00000, 0x0000000080d00000|100%| O|  |TAMS 0x0000000080c00000| PB 0x0000000080c00000| Untracked 
|  13|0x0000000080d00000, 0x0000000080e00000, 0x0000000080e00000|100%| O|  |TAMS 0x0000000080d00000| PB 0x0000000080d00000| Untracked 
|  14|0x0000000080e00000, 0x0000000080f00000, 0x0000000080f00000|100%| O|  |TAMS 0x0000000080e00000| PB 0x0000000080e00000| Untracked 
|  15|0x0000000080f00000, 0x0000000081000000, 0x0000000081000000|100%| O|  |TAMS 0x0000000080f00000| PB 0x0000000080f00000| Untracked 
|  16|0x0000000081000000, 0x0000000081100000, 0x0000000081100000|100%| O|  |TAMS 0x0000000081000000| PB 0x0000000081000000| Untracked 
|  17|0x0000000081100000, 0x0000000081200000, 0x0000000081200000|100%| O|  |TAMS 0x0000000081100000| PB 0x0000000081100000| Untracked 
|  18|0x0000000081200000, 0x0000000081300000, 0x0000000081300000|100%| O|  |TAMS 0x0000000081200000| PB 0x0000000081200000| Untracked 
|  19|0x0000000081300000, 0x0000000081400000, 0x0000000081400000|100%| O|  |TAMS 0x0000000081300000| PB 0x0000000081300000| Untracked 
|  20|0x0000000081400000, 0x0000000081500000, 0x0000000081500000|100%| O|  |TAMS 0x0000000081400000| PB 0x0000000081400000| Untracked 
|  21|0x0000000081500000, 0x0000000081600000, 0x0000000081600000|100%| O|  |TAMS 0x0000000081500000| PB 0x0000000081500000| Untracked 
|  22|0x0000000081600000, 0x0000000081700000, 0x0000000081700000|100%| O|  |TAMS 0x0000000081600000| PB 0x0000000081600000| Untracked 
|  23|0x0000000081700000, 0x0000000081800000, 0x0000000081800000|100%| O|  |TAMS 0x0000000081700000| PB 0x0000000081700000| Untracked 
|  24|0x0000000081800000, 0x0000000081900000, 0x0000000081900000|100%| O|  |TAMS 0x0000000081800000| PB 0x0000000081800000| Untracked 
|  25|0x0000000081900000, 0x0000000081a00000, 0x0000000081a00000|100%| O|  |TAMS 0x0000000081900000| PB 0x0000000081900000| Untracked 
|  26|0x0000000081a00000, 0x0000000081b00000, 0x0000000081b00000|100%| O|  |TAMS 0x0000000081a00000| PB 0x0000000081a00000| Untracked 
|  27|0x0000000081b00000, 0x0000000081c00000, 0x0000000081c00000|100%| O|  |TAMS 0x0000000081b00000| PB 0x0000000081b00000| Untracked 
|  28|0x0000000081c00000, 0x0000000081d00000, 0x0000000081d00000|100%| O|  |TAMS 0x0000000081c00000| PB 0x0000000081c00000| Untracked 
|  29|0x0000000081d00000, 0x0000000081e00000, 0x0000000081e00000|100%| O|  |TAMS 0x0000000081d00000| PB 0x0000000081d00000| Untracked 
|  30|0x0000000081e00000, 0x0000000081f00000, 0x0000000081f00000|100%| O|  |TAMS 0x0000000081e00000| PB 0x0000000081e00000| Untracked 
|  31|0x0000000081f00000, 0x0000000082000000, 0x0000000082000000|100%|HS|  |TAMS 0x0000000081f00000| PB 0x0000000081f00000| Complete 
|  32|0x0000000082000000, 0x0000000082100000, 0x0000000082100000|100%| O|  |TAMS 0x0000000082000000| PB 0x0000000082000000| Untracked 
|  33|0x0000000082100000, 0x0000000082200000, 0x0000000082200000|100%| O|  |TAMS 0x0000000082100000| PB 0x0000000082100000| Untracked 
|  34|0x0000000082200000, 0x0000000082300000, 0x0000000082300000|100%| O|  |TAMS 0x0000000082200000| PB 0x0000000082200000| Untracked 
|  35|0x0000000082300000, 0x0000000082400000, 0x0000000082400000|100%| O|  |TAMS 0x0000000082300000| PB 0x0000000082300000| Untracked 
|  36|0x0000000082400000, 0x0000000082500000, 0x0000000082500000|100%| O|  |TAMS 0x0000000082400000| PB 0x0000000082400000| Untracked 
|  37|0x0000000082500000, 0x0000000082600000, 0x0000000082600000|100%| O|  |TAMS 0x0000000082500000| PB 0x0000000082500000| Untracked 
|  38|0x0000000082600000, 0x0000000082700000, 0x0000000082700000|100%| O|  |TAMS 0x0000000082600000| PB 0x0000000082600000| Untracked 
|  39|0x0000000082700000, 0x0000000082800000, 0x0000000082800000|100%| O|  |TAMS 0x0000000082700000| PB 0x0000000082700000| Untracked 
|  40|0x0000000082800000, 0x0000000082900000, 0x0000000082900000|100%| O|  |TAMS 0x0000000082800000| PB 0x0000000082800000| Untracked 
|  41|0x0000000082900000, 0x0000000082a00000, 0x0000000082a00000|100%| O|  |TAMS 0x0000000082900000| PB 0x0000000082900000| Untracked 
|  42|0x0000000082a00000, 0x0000000082b00000, 0x0000000082b00000|100%| O|  |TAMS 0x0000000082a00000| PB 0x0000000082a00000| Untracked 
|  43|0x0000000082b00000, 0x0000000082c00000, 0x0000000082c00000|100%| O|  |TAMS 0x0000000082b00000| PB 0x0000000082b00000| Untracked 
|  44|0x0000000082c00000, 0x0000000082d00000, 0x0000000082d00000|100%| O|  |TAMS 0x0000000082c00000| PB 0x0000000082c00000| Untracked 
|  45|0x0000000082d00000, 0x0000000082e00000, 0x0000000082e00000|100%|HS|  |TAMS 0x0000000082d00000| PB 0x0000000082d00000| Complete 
|  46|0x0000000082e00000, 0x0000000082f00000, 0x0000000082f00000|100%|HS|  |TAMS 0x0000000082e00000| PB 0x0000000082e00000| Complete 
|  47|0x0000000082f00000, 0x0000000083000000, 0x0000000083000000|100%|HS|  |TAMS 0x0000000082f00000| PB 0x0000000082f00000| Complete 
|  48|0x0000000083000000, 0x0000000083100000, 0x0000000083100000|100%|HS|  |TAMS 0x0000000083000000| PB 0x0000000083000000| Complete 
|  49|0x0000000083100000, 0x0000000083200000, 0x0000000083200000|100%|HS|  |TAMS 0x0000000083100000| PB 0x0000000083100000| Complete 
|  50|0x0000000083200000, 0x0000000083300000, 0x0000000083300000|100%| O|  |TAMS 0x0000000083200000| PB 0x0000000083200000| Untracked 
|  51|0x0000000083300000, 0x0000000083400000, 0x0000000083400000|100%| O|  |TAMS 0x0000000083300000| PB 0x0000000083300000| Untracked 
|  52|0x0000000083400000, 0x0000000083500000, 0x0000000083500000|100%| O|  |TAMS 0x0000000083400000| PB 0x0000000083400000| Untracked 
|  53|0x0000000083500000, 0x0000000083600000, 0x0000000083600000|100%| O|  |TAMS 0x0000000083500000| PB 0x0000000083500000| Untracked 
|  54|0x0000000083600000, 0x0000000083700000, 0x0000000083700000|100%| O|  |TAMS 0x0000000083600000| PB 0x0000000083600000| Untracked 
|  55|0x0000000083700000, 0x0000000083800000, 0x0000000083800000|100%| O|  |TAMS 0x0000000083700000| PB 0x0000000083700000| Untracked 
|  56|0x0000000083800000, 0x0000000083900000, 0x0000000083900000|100%| O|  |TAMS 0x0000000083800000| PB 0x0000000083800000| Untracked 
|  57|0x0000000083900000, 0x0000000083a00000, 0x0000000083a00000|100%| O|  |TAMS 0x0000000083900000| PB 0x0000000083900000| Untracked 
|  58|0x0000000083a00000, 0x0000000083b00000, 0x0000000083b00000|100%| O|  |TAMS 0x0000000083a00000| PB 0x0000000083a00000| Untracked 
|  59|0x0000000083b00000, 0x0000000083c00000, 0x0000000083c00000|100%|HS|  |TAMS 0x0000000083b00000| PB 0x0000000083b00000| Complete 
|  60|0x0000000083c00000, 0x0000000083d00000, 0x0000000083d00000|100%| O|  |TAMS 0x0000000083c00000| PB 0x0000000083c00000| Untracked 
|  61|0x0000000083d00000, 0x0000000083e00000, 0x0000000083e00000|100%| O|  |TAMS 0x0000000083d00000| PB 0x0000000083d00000| Untracked 
|  62|0x0000000083e00000, 0x0000000083f00000, 0x0000000083f00000|100%| O|  |TAMS 0x0000000083e00000| PB 0x0000000083e00000| Untracked 
|  63|0x0000000083f00000, 0x0000000084000000, 0x0000000084000000|100%| O|  |TAMS 0x0000000083f00000| PB 0x0000000083f00000| Untracked 
|  64|0x0000000084000000, 0x0000000084100000, 0x0000000084100000|100%| O|  |TAMS 0x0000000084000000| PB 0x0000000084000000| Untracked 
|  65|0x0000000084100000, 0x0000000084200000, 0x0000000084200000|100%| O|  |TAMS 0x0000000084100000| PB 0x0000000084100000| Untracked 
|  66|0x0000000084200000, 0x00000000842769a8, 0x0000000084300000| 46%| O|  |TAMS 0x0000000084200000| PB 0x0000000084200000| Untracked 
|  67|0x0000000084300000, 0x0000000084400000, 0x0000000084400000|100%|HS|  |TAMS 0x0000000084300000| PB 0x0000000084300000| Complete 
|  68|0x0000000084400000, 0x0000000084400000, 0x0000000084500000|  0%| F|  |TAMS 0x0000000084400000| PB 0x0000000084400000| Untracked 
|  69|0x0000000084500000, 0x0000000084500000, 0x0000000084600000|  0%| F|  |TAMS 0x0000000084500000| PB 0x0000000084500000| Untracked 
|  70|0x0000000084600000, 0x0000000084600000, 0x0000000084700000|  0%| F|  |TAMS 0x0000000084600000| PB 0x0000000084600000| Untracked 
|  71|0x0000000084700000, 0x0000000084700000, 0x0000000084800000|  0%| F|  |TAMS 0x0000000084700000| PB 0x0000000084700000| Untracked 
|  72|0x0000000084800000, 0x0000000084800000, 0x0000000084900000|  0%| F|  |TAMS 0x0000000084800000| PB 0x0000000084800000| Untracked 
|  73|0x0000000084900000, 0x0000000084900000, 0x0000000084a00000|  0%| F|  |TAMS 0x0000000084900000| PB 0x0000000084900000| Untracked 
|  74|0x0000000084a00000, 0x0000000084a00000, 0x0000000084b00000|  0%| F|  |TAMS 0x0000000084a00000| PB 0x0000000084a00000| Untracked 
|  75|0x0000000084b00000, 0x0000000084b00000, 0x0000000084c00000|  0%| F|  |TAMS 0x0000000084b00000| PB 0x0000000084b00000| Untracked 
|  76|0x0000000084c00000, 0x0000000084c00000, 0x0000000084d00000|  0%| F|  |TAMS 0x0000000084c00000| PB 0x0000000084c00000| Untracked 
|  77|0x0000000084d00000, 0x0000000084d00000, 0x0000000084e00000|  0%| F|  |TAMS 0x0000000084d00000| PB 0x0000000084d00000| Untracked 
|  78|0x0000000084e00000, 0x0000000084e00000, 0x0000000084f00000|  0%| F|  |TAMS 0x0000000084e00000| PB 0x0000000084e00000| Untracked 
|  79|0x0000000084f00000, 0x0000000084f00000, 0x0000000085000000|  0%| F|  |TAMS 0x0000000084f00000| PB 0x0000000084f00000| Untracked 
|  80|0x0000000085000000, 0x00000000850a1440, 0x0000000085100000| 62%| S|CS|TAMS 0x0000000085000000| PB 0x0000000085000000| Complete 
|  81|0x0000000085100000, 0x0000000085200000, 0x0000000085200000|100%| S|CS|TAMS 0x0000000085100000| PB 0x0000000085100000| Complete 
|  82|0x0000000085200000, 0x0000000085300000, 0x0000000085300000|100%| S|CS|TAMS 0x0000000085200000| PB 0x0000000085200000| Complete 
|  83|0x0000000085300000, 0x0000000085400000, 0x0000000085400000|100%| S|CS|TAMS 0x0000000085300000| PB 0x0000000085300000| Complete 
|  84|0x0000000085400000, 0x0000000085500000, 0x0000000085500000|100%| S|CS|TAMS 0x0000000085400000| PB 0x0000000085400000| Complete 
|  85|0x0000000085500000, 0x0000000085500000, 0x0000000085600000|  0%| F|  |TAMS 0x0000000085500000| PB 0x0000000085500000| Untracked 
|  86|0x0000000085600000, 0x0000000085600000, 0x0000000085700000|  0%| F|  |TAMS 0x0000000085600000| PB 0x0000000085600000| Untracked 
|  87|0x0000000085700000, 0x0000000085700000, 0x0000000085800000|  0%| F|  |TAMS 0x0000000085700000| PB 0x0000000085700000| Untracked 
|  88|0x0000000085800000, 0x0000000085800000, 0x0000000085900000|  0%| F|  |TAMS 0x0000000085800000| PB 0x0000000085800000| Untracked 
|  89|0x0000000085900000, 0x0000000085900000, 0x0000000085a00000|  0%| F|  |TAMS 0x0000000085900000| PB 0x0000000085900000| Untracked 
|  90|0x0000000085a00000, 0x0000000085a00000, 0x0000000085b00000|  0%| F|  |TAMS 0x0000000085a00000| PB 0x0000000085a00000| Untracked 
|  91|0x0000000085b00000, 0x0000000085b00000, 0x0000000085c00000|  0%| F|  |TAMS 0x0000000085b00000| PB 0x0000000085b00000| Untracked 
|  92|0x0000000085c00000, 0x0000000085c00000, 0x0000000085d00000|  0%| F|  |TAMS 0x0000000085c00000| PB 0x0000000085c00000| Untracked 
|  93|0x0000000085d00000, 0x0000000085d00000, 0x0000000085e00000|  0%| F|  |TAMS 0x0000000085d00000| PB 0x0000000085d00000| Untracked 
|  94|0x0000000085e00000, 0x0000000085e00000, 0x0000000085f00000|  0%| F|  |TAMS 0x0000000085e00000| PB 0x0000000085e00000| Untracked 
|  95|0x0000000085f00000, 0x0000000085f00000, 0x0000000086000000|  0%| F|  |TAMS 0x0000000085f00000| PB 0x0000000085f00000| Untracked 
|  96|0x0000000086000000, 0x0000000086000000, 0x0000000086100000|  0%| F|  |TAMS 0x0000000086000000| PB 0x0000000086000000| Untracked 
|  97|0x0000000086100000, 0x0000000086100000, 0x0000000086200000|  0%| F|  |TAMS 0x0000000086100000| PB 0x0000000086100000| Untracked 
|  98|0x0000000086200000, 0x0000000086200000, 0x0000000086300000|  0%| F|  |TAMS 0x0000000086200000| PB 0x0000000086200000| Untracked 
|  99|0x0000000086300000, 0x0000000086300000, 0x0000000086400000|  0%| F|  |TAMS 0x0000000086300000| PB 0x0000000086300000| Untracked 
| 100|0x0000000086400000, 0x0000000086400000, 0x0000000086500000|  0%| F|  |TAMS 0x0000000086400000| PB 0x0000000086400000| Untracked 
| 101|0x0000000086500000, 0x0000000086500000, 0x0000000086600000|  0%| F|  |TAMS 0x0000000086500000| PB 0x0000000086500000| Untracked 
| 102|0x0000000086600000, 0x0000000086600000, 0x0000000086700000|  0%| F|  |TAMS 0x0000000086600000| PB 0x0000000086600000| Untracked 
| 103|0x0000000086700000, 0x0000000086700000, 0x0000000086800000|  0%| F|  |TAMS 0x0000000086700000| PB 0x0000000086700000| Untracked 
| 104|0x0000000086800000, 0x0000000086800000, 0x0000000086900000|  0%| F|  |TAMS 0x0000000086800000| PB 0x0000000086800000| Untracked 
| 105|0x0000000086900000, 0x0000000086900000, 0x0000000086a00000|  0%| F|  |TAMS 0x0000000086900000| PB 0x0000000086900000| Untracked 
| 106|0x0000000086a00000, 0x0000000086a00000, 0x0000000086b00000|  0%| F|  |TAMS 0x0000000086a00000| PB 0x0000000086a00000| Untracked 
| 107|0x0000000086b00000, 0x0000000086b00000, 0x0000000086c00000|  0%| F|  |TAMS 0x0000000086b00000| PB 0x0000000086b00000| Untracked 
| 108|0x0000000086c00000, 0x0000000086c0aaa8, 0x0000000086d00000|  4%| E|  |TAMS 0x0000000086c00000| PB 0x0000000086c00000| Complete 
| 109|0x0000000086d00000, 0x0000000086e00000, 0x0000000086e00000|100%| E|CS|TAMS 0x0000000086d00000| PB 0x0000000086d00000| Complete 
| 110|0x0000000086e00000, 0x0000000086f00000, 0x0000000086f00000|100%| E|CS|TAMS 0x0000000086e00000| PB 0x0000000086e00000| Complete 
| 111|0x0000000086f00000, 0x0000000087000000, 0x0000000087000000|100%| E|CS|TAMS 0x0000000086f00000| PB 0x0000000086f00000| Complete 
| 112|0x0000000087000000, 0x0000000087100000, 0x0000000087100000|100%| E|CS|TAMS 0x0000000087000000| PB 0x0000000087000000| Complete 
| 113|0x0000000087100000, 0x0000000087200000, 0x0000000087200000|100%| E|CS|TAMS 0x0000000087100000| PB 0x0000000087100000| Complete 
| 114|0x0000000087200000, 0x0000000087300000, 0x0000000087300000|100%| E|CS|TAMS 0x0000000087200000| PB 0x0000000087200000| Complete 
| 115|0x0000000087300000, 0x0000000087400000, 0x0000000087400000|100%| E|CS|TAMS 0x0000000087300000| PB 0x0000000087300000| Complete 
| 116|0x0000000087400000, 0x0000000087500000, 0x0000000087500000|100%| E|CS|TAMS 0x0000000087400000| PB 0x0000000087400000| Complete 
| 117|0x0000000087500000, 0x0000000087600000, 0x0000000087600000|100%| E|CS|TAMS 0x0000000087500000| PB 0x0000000087500000| Complete 
| 118|0x0000000087600000, 0x0000000087700000, 0x0000000087700000|100%| E|CS|TAMS 0x0000000087600000| PB 0x0000000087600000| Complete 
| 119|0x0000000087700000, 0x0000000087800000, 0x0000000087800000|100%| E|CS|TAMS 0x0000000087700000| PB 0x0000000087700000| Complete 
| 120|0x0000000087800000, 0x0000000087900000, 0x0000000087900000|100%| E|CS|TAMS 0x0000000087800000| PB 0x0000000087800000| Complete 
| 121|0x0000000087900000, 0x0000000087a00000, 0x0000000087a00000|100%| E|CS|TAMS 0x0000000087900000| PB 0x0000000087900000| Complete 
| 122|0x0000000087a00000, 0x0000000087b00000, 0x0000000087b00000|100%| E|CS|TAMS 0x0000000087a00000| PB 0x0000000087a00000| Complete 
| 123|0x0000000087b00000, 0x0000000087c00000, 0x0000000087c00000|100%| E|CS|TAMS 0x0000000087b00000| PB 0x0000000087b00000| Complete 
| 124|0x0000000087c00000, 0x0000000087d00000, 0x0000000087d00000|100%| E|CS|TAMS 0x0000000087c00000| PB 0x0000000087c00000| Complete 
| 125|0x0000000087d00000, 0x0000000087e00000, 0x0000000087e00000|100%| E|CS|TAMS 0x0000000087d00000| PB 0x0000000087d00000| Complete 
| 126|0x0000000087e00000, 0x0000000087f00000, 0x0000000087f00000|100%| E|CS|TAMS 0x0000000087e00000| PB 0x0000000087e00000| Complete 
| 127|0x0000000087f00000, 0x0000000088000000, 0x0000000088000000|100%| E|CS|TAMS 0x0000000087f00000| PB 0x0000000087f00000| Complete 
| 128|0x0000000088000000, 0x0000000088100000, 0x0000000088100000|100%| E|CS|TAMS 0x0000000088000000| PB 0x0000000088000000| Complete 
| 129|0x0000000088100000, 0x0000000088200000, 0x0000000088200000|100%| E|CS|TAMS 0x0000000088100000| PB 0x0000000088100000| Complete 
| 130|0x0000000088200000, 0x0000000088300000, 0x0000000088300000|100%| E|CS|TAMS 0x0000000088200000| PB 0x0000000088200000| Complete 
| 131|0x0000000088300000, 0x0000000088400000, 0x0000000088400000|100%| E|CS|TAMS 0x0000000088300000| PB 0x0000000088300000| Complete 
| 132|0x0000000088400000, 0x0000000088500000, 0x0000000088500000|100%| E|CS|TAMS 0x0000000088400000| PB 0x0000000088400000| Complete 
| 222|0x000000008de00000, 0x000000008df00000, 0x000000008df00000|100%| E|CS|TAMS 0x000000008de00000| PB 0x000000008de00000| Complete 
| 223|0x000000008df00000, 0x000000008e000000, 0x000000008e000000|100%| E|CS|TAMS 0x000000008df00000| PB 0x000000008df00000| Complete 
|2039|0x00000000ff700000, 0x00000000ff800000, 0x00000000ff800000|100%| O|Cm|TAMS 0x00000000ff700000| PB 0x00000000ff700000| Complete 
|2040|0x00000000ff800000, 0x00000000ff900000, 0x00000000ff900000|100%| O|Cm|TAMS 0x00000000ff800000| PB 0x00000000ff800000| Complete 
|2041|0x00000000ff900000, 0x00000000ffa00000, 0x00000000ffa00000|100%| O|Cm|TAMS 0x00000000ff900000| PB 0x00000000ff900000| Complete 
|2042|0x00000000ffa00000, 0x00000000ffb00000, 0x00000000ffb00000|100%| O|  |TAMS 0x00000000ffa00000| PB 0x00000000ffa00000| Untracked 
|2043|0x00000000ffb00000, 0x00000000ffc00000, 0x00000000ffc00000|100%| O|  |TAMS 0x00000000ffb00000| PB 0x00000000ffb00000| Untracked 
|2044|0x00000000ffc00000, 0x00000000ffd00000, 0x00000000ffd00000|100%| O|  |TAMS 0x00000000ffc00000| PB 0x00000000ffc00000| Untracked 
|2045|0x00000000ffd00000, 0x00000000ffe00000, 0x00000000ffe00000|100%| O|  |TAMS 0x00000000ffd00000| PB 0x00000000ffd00000| Untracked 
|2046|0x00000000ffe00000, 0x00000000fff00000, 0x00000000fff00000|100%| O|  |TAMS 0x00000000ffe00000| PB 0x00000000ffe00000| Untracked 
|2047|0x00000000fff00000, 0x0000000100000000, 0x0000000100000000|100%| O|  |TAMS 0x00000000fff00000| PB 0x00000000fff00000| Untracked 

Card table byte_map: [0x000002d4e8100000,0x000002d4e8500000] _byte_map_base: 0x000002d4e7d00000

Marking Bits: (CMBitMap*) 0x000002d4d05a66a0
 Bits: [0x000002d4e8500000, 0x000002d4ea500000)

Polling page: 0x000002d4ce460000

Metaspace:

Usage:
  Non-class:     64.79 MB used.
      Class:     10.39 MB used.
       Both:     75.18 MB used.

Virtual space:
  Non-class space:      128.00 MB reserved,      65.88 MB ( 51%) committed,  2 nodes.
      Class space:        1.00 GB reserved,      11.38 MB (  1%) committed,  1 nodes.
             Both:        1.12 GB reserved,      77.25 MB (  7%) committed. 

Chunk freelists:
   Non-Class:  13.84 MB
       Class:  4.62 MB
        Both:  18.47 MB

MaxMetaspaceSize: unlimited
CompressedClassSpaceSize: 1.00 GB
Initial GC threshold: 21.00 MB
Current GC threshold: 125.94 MB
CDS: on
 - commit_granule_bytes: 65536.
 - commit_granule_words: 8192.
 - virtual_space_node_default_size: 8388608.
 - enlarge_chunks_in_place: 1.
 - use_allocation_guard: 0.


Internal statistics:

num_allocs_failed_limit: 12.
num_arena_births: 3672.
num_arena_deaths: 0.
num_vsnodes_births: 3.
num_vsnodes_deaths: 0.
num_space_committed: 1236.
num_space_uncommitted: 0.
num_chunks_returned_to_freelist: 12.
num_chunks_taken_from_freelist: 7316.
num_chunk_merges: 9.
num_chunk_splits: 4728.
num_chunks_enlarged: 2892.
num_inconsistent_stats: 0.

CodeHeap 'non-profiled nmethods': size=120000Kb used=3907Kb max_used=3984Kb free=116092Kb
 bounds [0x000002d4e04a0000, 0x000002d4e0890000, 0x000002d4e79d0000]
CodeHeap 'profiled nmethods': size=120000Kb used=15636Kb max_used=15779Kb free=104363Kb
 bounds [0x000002d4d89d0000, 0x000002d4d9950000, 0x000002d4dff00000]
CodeHeap 'non-nmethods': size=5760Kb used=2817Kb max_used=2854Kb free=2942Kb
 bounds [0x000002d4dff00000, 0x000002d4e01d0000, 0x000002d4e04a0000]
 total_blobs=9509 nmethods=8579 adapters=834
 compilation: enabled
              stopped_count=0, restarted_count=0
 full_count=0

Compilation events (20 events):
Event: 22.907 Thread 0x000002d4f11184b0 9948       3       org.gradle.api.internal.DefaultDomainObjectCollection::withMutationDisabled (11 bytes)
Event: 22.908 Thread 0x000002d4f11184b0 nmethod 9948 0x000002d4d9079a10 code [0x000002d4d9079be0, 0x000002d4d9079e80]
Event: 22.908 Thread 0x000002d4f1117a20 nmethod 9946 0x000002d4e07e6a90 code [0x000002d4e07e6c20, 0x000002d4e07e6e08]
Event: 22.920 Thread 0x000002d4f1117a20 9949       4       java.security.CodeSource::<init> (52 bytes)
Event: 22.948 Thread 0x000002d4f11184b0 9952       3       org.gradle.api.internal.DefaultDomainObjectCollection::assertMutableCollectionContents (1 bytes)
Event: 22.949 Thread 0x000002d4f11184b0 nmethod 9952 0x000002d4d9156810 code [0x000002d4d91569a0, 0x000002d4d9156aa8]
Event: 22.954 Thread 0x000002d4f11184b0 9954       3       javax.management.ObjectName::addProperty (80 bytes)
Event: 22.955 Thread 0x000002d4f11184b0 nmethod 9954 0x000002d4d91f5810 code [0x000002d4d91f5a40, 0x000002d4d91f61e8]
Event: 22.982 Thread 0x000002d4f11184b0 9955       3       org.gradle.internal.ImmutableActionSet::mergeFrom (37 bytes)
Event: 22.983 Thread 0x000002d4f11184b0 nmethod 9955 0x000002d4d9644d10 code [0x000002d4d9644f00, 0x000002d4d96453e8]
Event: 22.985 Thread 0x000002d4f1117a20 nmethod 9949 0x000002d4e0808090 code [0x000002d4e08083a0, 0x000002d4e080a1a0]
Event: 22.985 Thread 0x000002d4f1117a20 9953   !   4       java.util.zip.InflaterInputStream::read (129 bytes)
Event: 23.109 Thread 0x000002d4f1117a20 nmethod 9953 0x000002d4e0801c10 code [0x000002d4e08020c0, 0x000002d4e0806050]
Event: 23.109 Thread 0x000002d4f1117a20 9951       4       java.io.ObjectOutputStream::writeClassDesc (60 bytes)
Event: 23.138 Thread 0x000002d4f11184b0 9959       3       sun.reflect.generics.factory.CoreReflectionFactory::make (10 bytes)
Event: 23.138 Thread 0x000002d4f11184b0 nmethod 9959 0x000002d4d92e5210 code [0x000002d4d92e53c0, 0x000002d4d92e5680]
Event: 23.157 Thread 0x000002d4f11184b0 9960       1       com.android.build.gradle.internal.services.BaseServicesImpl::getProjectServices (5 bytes)
Event: 23.157 Thread 0x000002d4f11184b0 nmethod 9960 0x000002d4e0801910 code [0x000002d4e0801aa0, 0x000002d4e0801b68]
Event: 23.163 Thread 0x000002d4f11184b0 9961       1       com.android.build.api.artifact.impl.TypedStorageProvider::access$getPropertyAllocator$p (5 bytes)
Event: 23.163 Thread 0x000002d4f11184b0 nmethod 9961 0x000002d4e0801610 code [0x000002d4e08017a0, 0x000002d4e0801850]

GC Heap History (20 events):
Event: 16.344 GC heap before
{Heap before GC invocations=13 (full 0):
 garbage-first heap   total 111616K, used 96025K [0x0000000080000000, 0x0000000100000000)
  region size 1024K, 56 young (57344K), 7 survivors (7168K)
 Metaspace       used 58990K, committed 60928K, reserved 1114112K
  class space    used 8244K, committed 9216K, reserved 1048576K
}
Event: 16.354 GC heap after
{Heap after GC invocations=14 (full 0):
 garbage-first heap   total 111616K, used 52150K [0x0000000080000000, 0x0000000100000000)
  region size 1024K, 7 young (7168K), 7 survivors (7168K)
 Metaspace       used 58990K, committed 60928K, reserved 1114112K
  class space    used 8244K, committed 9216K, reserved 1048576K
}
Event: 17.123 GC heap before
{Heap before GC invocations=14 (full 0):
 garbage-first heap   total 111616K, used 96182K [0x0000000080000000, 0x0000000100000000)
  region size 1024K, 51 young (52224K), 7 survivors (7168K)
 Metaspace       used 59439K, committed 61312K, reserved 1114112K
  class space    used 8270K, committed 9216K, reserved 1048576K
}
Event: 17.128 GC heap after
{Heap after GC invocations=15 (full 0):
 garbage-first heap   total 111616K, used 53677K [0x0000000080000000, 0x0000000100000000)
  region size 1024K, 4 young (4096K), 4 survivors (4096K)
 Metaspace       used 59439K, committed 61312K, reserved 1114112K
  class space    used 8270K, committed 9216K, reserved 1048576K
}
Event: 17.508 GC heap before
{Heap before GC invocations=15 (full 0):
 garbage-first heap   total 111616K, used 96685K [0x0000000080000000, 0x0000000100000000)
  region size 1024K, 47 young (48128K), 4 survivors (4096K)
 Metaspace       used 59517K, committed 61376K, reserved 1114112K
  class space    used 8270K, committed 9216K, reserved 1048576K
}
Event: 17.511 GC heap after
{Heap after GC invocations=16 (full 0):
 garbage-first heap   total 111616K, used 54385K [0x0000000080000000, 0x0000000100000000)
  region size 1024K, 4 young (4096K), 4 survivors (4096K)
 Metaspace       used 59517K, committed 61376K, reserved 1114112K
  class space    used 8270K, committed 9216K, reserved 1048576K
}
Event: 17.781 GC heap before
{Heap before GC invocations=16 (full 0):
 garbage-first heap   total 111616K, used 97393K [0x0000000080000000, 0x0000000100000000)
  region size 1024K, 47 young (48128K), 4 survivors (4096K)
 Metaspace       used 59524K, committed 61376K, reserved 1114112K
  class space    used 8270K, committed 9216K, reserved 1048576K
}
Event: 17.785 GC heap after
{Heap after GC invocations=17 (full 0):
 garbage-first heap   total 111616K, used 55001K [0x0000000080000000, 0x0000000100000000)
  region size 1024K, 4 young (4096K), 4 survivors (4096K)
 Metaspace       used 59524K, committed 61376K, reserved 1114112K
  class space    used 8270K, committed 9216K, reserved 1048576K
}
Event: 18.564 GC heap before
{Heap before GC invocations=18 (full 0):
 garbage-first heap   total 111616K, used 103129K [0x0000000080000000, 0x0000000100000000)
  region size 1024K, 47 young (48128K), 4 survivors (4096K)
 Metaspace       used 61782K, committed 63680K, reserved 1114112K
  class space    used 8550K, committed 9472K, reserved 1048576K
}
Event: 18.569 GC heap after
{Heap after GC invocations=19 (full 0):
 garbage-first heap   total 114688K, used 66130K [0x0000000080000000, 0x0000000100000000)
  region size 1024K, 6 young (6144K), 6 survivors (6144K)
 Metaspace       used 61782K, committed 63680K, reserved 1114112K
  class space    used 8550K, committed 9472K, reserved 1048576K
}
Event: 19.280 GC heap before
{Heap before GC invocations=19 (full 0):
 garbage-first heap   total 114688K, used 100946K [0x0000000080000000, 0x0000000100000000)
  region size 1024K, 40 young (40960K), 6 survivors (6144K)
 Metaspace       used 65023K, committed 66944K, reserved 1114112K
  class space    used 8913K, committed 9856K, reserved 1048576K
}
Event: 19.284 GC heap after
{Heap after GC invocations=20 (full 0):
 garbage-first heap   total 114688K, used 67101K [0x0000000080000000, 0x0000000100000000)
  region size 1024K, 2 young (2048K), 2 survivors (2048K)
 Metaspace       used 65023K, committed 66944K, reserved 1114112K
  class space    used 8913K, committed 9856K, reserved 1048576K
}
Event: 19.763 GC heap before
{Heap before GC invocations=20 (full 0):
 garbage-first heap   total 114688K, used 90653K [0x0000000080000000, 0x0000000100000000)
  region size 1024K, 27 young (27648K), 2 survivors (2048K)
 Metaspace       used 67236K, committed 69312K, reserved 1114112K
  class space    used 9278K, committed 10304K, reserved 1048576K
}
Event: 19.767 GC heap after
{Heap after GC invocations=21 (full 0):
 garbage-first heap   total 114688K, used 68488K [0x0000000080000000, 0x0000000100000000)
  region size 1024K, 3 young (3072K), 3 survivors (3072K)
 Metaspace       used 67236K, committed 69312K, reserved 1114112K
  class space    used 9278K, committed 10304K, reserved 1048576K
}
Event: 20.280 GC heap before
{Heap before GC invocations=22 (full 0):
 garbage-first heap   total 147456K, used 109448K [0x0000000080000000, 0x0000000100000000)
  region size 1024K, 36 young (36864K), 3 survivors (3072K)
 Metaspace       used 68631K, committed 70656K, reserved 1114112K
  class space    used 9474K, committed 10496K, reserved 1048576K
}
Event: 20.286 GC heap after
{Heap after GC invocations=23 (full 0):
 garbage-first heap   total 147456K, used 75060K [0x0000000080000000, 0x0000000100000000)
  region size 1024K, 5 young (5120K), 5 survivors (5120K)
 Metaspace       used 68631K, committed 70656K, reserved 1114112K
  class space    used 9474K, committed 10496K, reserved 1048576K
}
Event: 21.414 GC heap before
{Heap before GC invocations=23 (full 0):
 garbage-first heap   total 147456K, used 129332K [0x0000000080000000, 0x0000000100000000)
  region size 1024K, 58 young (59392K), 5 survivors (5120K)
 Metaspace       used 72029K, committed 74048K, reserved 1114112K
  class space    used 9903K, committed 10944K, reserved 1048576K
}
Event: 21.422 GC heap after
{Heap after GC invocations=24 (full 0):
 garbage-first heap   total 147456K, used 79650K [0x0000000080000000, 0x0000000100000000)
  region size 1024K, 8 young (8192K), 8 survivors (8192K)
 Metaspace       used 72029K, committed 74048K, reserved 1114112K
  class space    used 9903K, committed 10944K, reserved 1048576K
}
Event: 22.410 GC heap before
{Heap before GC invocations=24 (full 0):
 garbage-first heap   total 147456K, used 129826K [0x0000000080000000, 0x0000000100000000)
  region size 1024K, 58 young (59392K), 8 survivors (8192K)
 Metaspace       used 75000K, committed 77056K, reserved 1179648K
  class space    used 10305K, committed 11328K, reserved 1048576K
}
Event: 22.416 GC heap after
{Heap after GC invocations=25 (full 0):
 garbage-first heap   total 147456K, used 82015K [0x0000000080000000, 0x0000000100000000)
  region size 1024K, 5 young (5120K), 5 survivors (5120K)
 Metaspace       used 75000K, committed 77056K, reserved 1179648K
  class space    used 10305K, committed 11328K, reserved 1048576K
}

Dll operation events (15 events):
Event: 0.028 Loaded shared library C:\Program Files\Java\jdk-21.0.6\bin\java.dll
Event: 0.115 Loaded shared library C:\Program Files\Java\jdk-21.0.6\bin\jsvml.dll
Event: 0.196 Loaded shared library C:\Program Files\Java\jdk-21.0.6\bin\zip.dll
Event: 0.201 Loaded shared library C:\Program Files\Java\jdk-21.0.6\bin\instrument.dll
Event: 0.209 Loaded shared library C:\Program Files\Java\jdk-21.0.6\bin\net.dll
Event: 0.218 Loaded shared library C:\Program Files\Java\jdk-21.0.6\bin\nio.dll
Event: 0.222 Loaded shared library C:\Program Files\Java\jdk-21.0.6\bin\zip.dll
Event: 0.662 Loaded shared library C:\Program Files\Java\jdk-21.0.6\bin\jimage.dll
Event: 0.969 Loaded shared library C:\Program Files\Java\jdk-21.0.6\bin\verify.dll
Event: 1.236 Loaded shared library C:\Users\Admin\.gradle\native\c067742578af261105cb4f569cf0c3c89f3d7b1fecec35dd04571415982c5e48\windows-amd64\native-platform.dll
Event: 1.242 Loaded shared library C:\Users\Admin\.gradle\native\100fb08df4bc3b14c8652ba06237920a3bd2aa13389f12d3474272988ae205f9\windows-amd64\native-platform-file-events.dll
Event: 2.873 Loaded shared library C:\Program Files\Java\jdk-21.0.6\bin\management.dll
Event: 2.880 Loaded shared library C:\Program Files\Java\jdk-21.0.6\bin\management_ext.dll
Event: 3.377 Loaded shared library C:\Program Files\Java\jdk-21.0.6\bin\extnet.dll
Event: 3.706 Loaded shared library C:\Program Files\Java\jdk-21.0.6\bin\sunmscapi.dll

Deoptimization events (20 events):
Event: 22.604 Thread 0x000002d4f20dcf20 Uncommon trap: trap_request=0xffffff45 fr.pc=0x000002d4e0596ad0 relative=0x00000000000005d0
Event: 22.604 Thread 0x000002d4f20dcf20 Uncommon trap: reason=unstable_if action=reinterpret pc=0x000002d4e0596ad0 method=java.lang.AbstractStringBuilder.appendChars(Ljava/lang/String;II)V @ 11 c2
Event: 22.604 Thread 0x000002d4f20dcf20 DEOPT PACKING pc=0x000002d4e0596ad0 sp=0x000000ebae1f6b10
Event: 22.604 Thread 0x000002d4f20dcf20 DEOPT UNPACKING pc=0x000002d4dff546a2 sp=0x000000ebae1f6a50 mode 2
Event: 22.605 Thread 0x000002d4f20dcf20 Uncommon trap: trap_request=0xffffff45 fr.pc=0x000002d4e0597f88 relative=0x0000000000000168
Event: 22.605 Thread 0x000002d4f20dcf20 Uncommon trap: reason=unstable_if action=reinterpret pc=0x000002d4e0597f88 method=java.lang.AbstractStringBuilder.appendChars(Ljava/lang/String;II)V @ 11 c2
Event: 22.605 Thread 0x000002d4f20dcf20 DEOPT PACKING pc=0x000002d4e0597f88 sp=0x000000ebae1f6aa0
Event: 22.605 Thread 0x000002d4f20dcf20 DEOPT UNPACKING pc=0x000002d4dff546a2 sp=0x000000ebae1f6a50 mode 2
Event: 22.605 Thread 0x000002d4f20dcf20 Uncommon trap: trap_request=0xffffff45 fr.pc=0x000002d4e0567b80 relative=0x00000000000004c0
Event: 22.605 Thread 0x000002d4f20dcf20 Uncommon trap: reason=unstable_if action=reinterpret pc=0x000002d4e0567b80 method=java.lang.String.<init>(Ljava/lang/AbstractStringBuilder;Ljava/lang/Void;)V @ 19 c2
Event: 22.605 Thread 0x000002d4f20dcf20 DEOPT PACKING pc=0x000002d4e0567b80 sp=0x000000ebae1f6bd0
Event: 22.605 Thread 0x000002d4f20dcf20 DEOPT UNPACKING pc=0x000002d4dff546a2 sp=0x000000ebae1f6b80 mode 2
Event: 22.605 Thread 0x000002d4f20dcf20 Uncommon trap: trap_request=0xffffff45 fr.pc=0x000002d4e04fe770 relative=0x0000000000000490
Event: 22.605 Thread 0x000002d4f20dcf20 Uncommon trap: reason=unstable_if action=reinterpret pc=0x000002d4e04fe770 method=java.lang.AbstractStringBuilder.inflateIfNeededFor(Ljava/lang/String;)V @ 14 c2
Event: 22.605 Thread 0x000002d4f20dcf20 DEOPT PACKING pc=0x000002d4e04fe770 sp=0x000000ebae1f6b90
Event: 22.605 Thread 0x000002d4f20dcf20 DEOPT UNPACKING pc=0x000002d4dff546a2 sp=0x000000ebae1f6a88 mode 2
Event: 22.605 Thread 0x000002d4f20dcf20 Uncommon trap: trap_request=0xffffff45 fr.pc=0x000002d4e04fdb8c relative=0x00000000000000ec
Event: 22.605 Thread 0x000002d4f20dcf20 Uncommon trap: reason=unstable_if action=reinterpret pc=0x000002d4e04fdb8c method=java.lang.String.getBytes([BIB)V @ 5 c2
Event: 22.605 Thread 0x000002d4f20dcf20 DEOPT PACKING pc=0x000002d4e04fdb8c sp=0x000000ebae1f6ab0
Event: 22.605 Thread 0x000002d4f20dcf20 DEOPT UNPACKING pc=0x000002d4dff546a2 sp=0x000000ebae1f6a78 mode 2

Classes loaded (20 events):
Event: 20.548 Loading class java/security/KeyStore
Event: 20.548 Loading class java/security/KeyStore done
Event: 20.753 Loading class javax/xml/stream/XMLStreamException
Event: 20.754 Loading class javax/xml/stream/XMLStreamException done
Event: 20.782 Loading class sun/reflect/annotation/AnnotationInvocationHandler$1
Event: 20.782 Loading class sun/reflect/annotation/AnnotationInvocationHandler$1 done
Event: 21.014 Loading class java/lang/Override
Event: 21.014 Loading class java/lang/Override done
Event: 22.371 Loading class java/util/concurrent/atomic/AtomicIntegerArray
Event: 22.371 Loading class java/util/concurrent/atomic/AtomicIntegerArray done
Event: 22.375 Loading class java/util/Currency
Event: 22.375 Loading class java/util/Currency done
Event: 22.385 Loading class java/util/concurrent/atomic/AtomicLongArray
Event: 22.385 Loading class java/util/concurrent/atomic/AtomicLongArray done
Event: 22.441 Loading class sun/reflect/generics/repository/FieldRepository
Event: 22.441 Loading class sun/reflect/generics/repository/FieldRepository done
Event: 22.467 Loading class jdk/internal/vm/annotation/ForceInline
Event: 22.467 Loading class jdk/internal/vm/annotation/ForceInline done
Event: 22.605 Loading class java/util/regex/Pattern$Caret
Event: 22.606 Loading class java/util/regex/Pattern$Caret done

Classes unloaded (0 events):
No events

Classes redefined (0 events):
No events

Internal exceptions (20 events):
Event: 17.934 Thread 0x000002d4f20dcf20 Exception <a 'java/lang/ClassNotFoundException'{0x0000000087e59588}: groovy/lang/ReferenceCustomizer> (0x0000000087e59588) 
thrown [s\open\src\hotspot\share\classfile\systemDictionary.cpp, line 312]
Event: 17.960 Thread 0x000002d4f20dcf20 Exception <a 'java/lang/NoSuchMethodError'{0x0000000087eba9a0}: 'long java.lang.invoke.DirectMethodHandle$Holder.invokeVirtual(java.lang.Object, java.lang.Object)'> (0x0000000087eba9a0) 
thrown [s\open\src\hotspot\share\interpreter\linkResolver.cpp, line 773]
Event: 17.967 Thread 0x000002d4f20de960 Exception <a 'java/lang/NoSuchMethodError'{0x0000000087d06b00}: static Lorg/gradle/internal/build/event/types/DefaultProjectConfigurationSuccessResult;.<clinit>()V> (0x0000000087d06b00) 
thrown [s\open\src\hotspot\share\prims\jni.cpp, line 1111]
Event: 17.967 Thread 0x000002d4f20de960 Exception <a 'java/lang/NoSuchMethodError'{0x0000000087d07c48}: static Lorg/gradle/internal/build/event/types/AbstractProjectConfigurationResult;.<clinit>()V> (0x0000000087d07c48) 
thrown [s\open\src\hotspot\share\prims\jni.cpp, line 1111]
Event: 17.969 Thread 0x000002d4f20de960 Exception <a 'java/lang/NoSuchMethodError'{0x0000000087d121d0}: static Lorg/gradle/internal/build/event/types/DefaultPluginApplicationResult;.<clinit>()V> (0x0000000087d121d0) 
thrown [s\open\src\hotspot\share\prims\jni.cpp, line 1111]
Event: 17.970 Thread 0x000002d4f20de960 Exception <a 'java/lang/NoSuchMethodError'{0x0000000087d1cbc0}: static Lorg/gradle/internal/build/event/types/DefaultBinaryPluginIdentifier;.<clinit>()V> (0x0000000087d1cbc0) 
thrown [s\open\src\hotspot\share\prims\jni.cpp, line 1111]
Event: 17.974 Thread 0x000002d4f20de960 Exception <a 'java/lang/NoSuchMethodError'{0x0000000087d32a70}: static Lorg/gradle/internal/build/event/types/DefaultScriptPluginIdentifier;.<clinit>()V> (0x0000000087d32a70) 
thrown [s\open\src\hotspot\share\prims\jni.cpp, line 1111]
Event: 18.072 Thread 0x000002d4f20dcf20 Implicit null exception at 0x000002d4e07bb45d to 0x000002d4e07bb93c
Event: 18.072 Thread 0x000002d4f20dcf20 Implicit null exception at 0x000002d4e07bd05f to 0x000002d4e07bd518
Event: 19.467 Thread 0x000002d4f20dcf20 Exception <a 'java/lang/NoSuchMethodError'{0x0000000087f80898}: 'java.lang.Object java.lang.invoke.DirectMethodHandle$Holder.newInvokeSpecial(java.lang.Object, java.lang.Object, java.lang.Object, java.lang.Object, java.lang.Object, java.lang.Object, java.lang.Object, java.lang.Object, java.lang.Object, java.lang.Object, java.lang.Object, java.lang.Object, java.lang.Object, java.lang.Object, java.lang.Object, java.lang.Object)'> (0x0000000087f80898) 
thrown [s\open\src\hotspot\share\interpreter\linkResolver
Event: 19.468 Thread 0x000002d4f20dcf20 Exception <a 'java/lang/NoSuchMethodError'{0x0000000087f87858}: 'java.lang.Object java.lang.invoke.DirectMethodHandle$Holder.invokeSpecial(java.lang.Object, java.lang.Object, java.lang.Object, java.lang.Object, java.lang.Object, java.lang.Object, java.lang.Object, java.lang.Object, java.lang.Object, java.lang.Object, java.lang.Object, java.lang.Object, java.lang.Object, java.lang.Object, java.lang.Object, java.lang.Object, java.lang.Object)'> (0x0000000087f87858) 
thrown [s\open\src\hotspot\share\interpret
Event: 19.468 Thread 0x000002d4f20dcf20 Exception <a 'java/lang/NoSuchMethodError'{0x0000000087f8d758}: 'java.lang.Object java.lang.invoke.DelegatingMethodHandle$Holder.reinvoke_L(java.lang.Object, java.lang.Object, java.lang.Object, java.lang.Object, java.lang.Object, java.lang.Object, java.lang.Object, java.lang.Object, java.lang.Object, java.lang.Object, java.lang.Object, java.lang.Object, java.lang.Object, java.lang.Object, java.lang.Object, java.lang.Object)'> (0x0000000087f8d758) 
thrown [s\open\src\hotspot\share\interpreter\linkResolver.c
Event: 20.061 Thread 0x000002d4f20dcf20 Exception <a 'java/lang/ClassNotFoundException'{0x00000000871d4a78}: sun/misc/SharedSecrets> (0x00000000871d4a78) 
thrown [s\open\src\hotspot\share\classfile\systemDictionary.cpp, line 312]
Event: 21.850 Thread 0x000002d4f20dcf20 Exception <a 'java/lang/NoClassDefFoundError'{0x00000000870982d8}: org/jetbrains/kotlin/gradle/plugin/KotlinBasePluginWrapper> (0x00000000870982d8) 
thrown [s\open\src\hotspot\share\classfile\systemDictionary.cpp, line 301]
Event: 22.163 Thread 0x000002d4f20dcf20 Exception <a 'java/lang/NoClassDefFoundError'{0x000000008620d5a0}: org/jetbrains/kotlin/gradle/plugin/KotlinBasePluginWrapper> (0x000000008620d5a0) 
thrown [s\open\src\hotspot\share\oops\constantPool.cpp, line 873]
Event: 22.181 Thread 0x000002d4f20dcf20 Exception <a 'java/lang/NoSuchMethodError'{0x00000000861b8bd8}: 'java.lang.Object java.lang.invoke.DirectMethodHandle$Holder.newInvokeSpecial(java.lang.Object, java.lang.Object, java.lang.Object, java.lang.Object, java.lang.Object, java.lang.Object, java.lang.Object, java.lang.Object, java.lang.Object, java.lang.Object, java.lang.Object, java.lang.Object, java.lang.Object, java.lang.Object, java.lang.Object)'> (0x00000000861b8bd8) 
thrown [s\open\src\hotspot\share\interpreter\linkResolver.cpp, line 773]
Event: 22.211 Thread 0x000002d4f20dcf20 Exception <a 'java/lang/NoClassDefFoundError'{0x0000000085f630c0}: org/jetbrains/kotlin/gradle/plugin/KotlinBasePluginWrapper> (0x0000000085f630c0) 
thrown [s\open\src\hotspot\share\oops\constantPool.cpp, line 873]
Event: 22.264 Thread 0x000002d4f20dcf20 Exception <a 'java/lang/NoClassDefFoundError'{0x0000000085d60248}: org/jetbrains/kotlin/gradle/plugin/KotlinBasePluginWrapper> (0x0000000085d60248) 
thrown [s\open\src\hotspot\share\oops\constantPool.cpp, line 873]
Event: 22.274 Thread 0x000002d4f20dcf20 Exception <a 'java/lang/NoClassDefFoundError'{0x0000000085d7d610}: org/jetbrains/kotlin/gradle/plugin/KotlinBasePluginWrapper> (0x0000000085d7d610) 
thrown [s\open\src\hotspot\share\oops\constantPool.cpp, line 873]
Event: 22.472 Thread 0x000002d4f20dcf20 Exception <a 'java/lang/NoSuchMethodError'{0x000000008843f478}: 'void java.lang.invoke.Invokers$Holder.invokeExact_MT(java.lang.Object, java.lang.Object, java.lang.Object, java.lang.Object)'> (0x000000008843f478) 
thrown [s\open\src\hotspot\share\interpreter\linkResolver.cpp, line 773]

ZGC Phase Switch (0 events):
No events

VM Operations (20 events):
Event: 19.477 Executing VM operation: HandshakeAllThreads (Deoptimize)
Event: 19.477 Executing VM operation: HandshakeAllThreads (Deoptimize) done
Event: 19.763 Executing VM operation: G1TryInitiateConcMark (G1 Humongous Allocation)
Event: 19.767 Executing VM operation: G1TryInitiateConcMark (G1 Humongous Allocation) done
Event: 19.827 Executing VM operation: G1PauseRemark
Event: 19.834 Executing VM operation: G1PauseRemark done
Event: 19.861 Executing VM operation: G1PauseCleanup
Event: 19.861 Executing VM operation: G1PauseCleanup done
Event: 20.280 Executing VM operation: G1CollectForAllocation (G1 Evacuation Pause)
Event: 20.287 Executing VM operation: G1CollectForAllocation (G1 Evacuation Pause) done
Event: 21.298 Executing VM operation: Cleanup
Event: 21.299 Executing VM operation: Cleanup done
Event: 21.414 Executing VM operation: G1CollectForAllocation (G1 Evacuation Pause)
Event: 21.422 Executing VM operation: G1CollectForAllocation (G1 Evacuation Pause) done
Event: 22.410 Executing VM operation: G1TryInitiateConcMark (G1 Humongous Allocation)
Event: 22.416 Executing VM operation: G1TryInitiateConcMark (G1 Humongous Allocation) done
Event: 22.494 Executing VM operation: G1PauseRemark
Event: 22.502 Executing VM operation: G1PauseRemark done
Event: 22.542 Executing VM operation: G1PauseCleanup
Event: 22.543 Executing VM operation: G1PauseCleanup done

Events (20 events):
Event: 22.499 Thread 0x000002d4ecf7fe90 flushing nmethod 0x000002d4e081f910
Event: 22.499 Thread 0x000002d4ecf7fe90 flushing nmethod 0x000002d4e0828b10
Event: 22.499 Thread 0x000002d4ecf7fe90 flushing nmethod 0x000002d4e0829690
Event: 22.499 Thread 0x000002d4ecf7fe90 flushing nmethod 0x000002d4e082dd90
Event: 22.499 Thread 0x000002d4ecf7fe90 flushing nmethod 0x000002d4d8ab2590
Event: 22.499 Thread 0x000002d4ecf7fe90 flushing nmethod 0x000002d4d8b0f590
Event: 22.499 Thread 0x000002d4ecf7fe90 flushing nmethod 0x000002d4d8b42d90
Event: 22.499 Thread 0x000002d4ecf7fe90 flushing nmethod 0x000002d4d8bb4590
Event: 22.499 Thread 0x000002d4ecf7fe90 flushing nmethod 0x000002d4d8ca3390
Event: 22.499 Thread 0x000002d4ecf7fe90 flushing nmethod 0x000002d4d8ccec10
Event: 22.499 Thread 0x000002d4ecf7fe90 flushing nmethod 0x000002d4d8d94010
Event: 22.499 Thread 0x000002d4ecf7fe90 flushing nmethod 0x000002d4d919ae90
Event: 22.499 Thread 0x000002d4ecf7fe90 flushing nmethod 0x000002d4d92e4210
Event: 22.499 Thread 0x000002d4ecf7fe90 flushing nmethod 0x000002d4d92e4f90
Event: 22.499 Thread 0x000002d4ecf7fe90 flushing nmethod 0x000002d4d943ef10
Event: 22.499 Thread 0x000002d4ecf7fe90 flushing nmethod 0x000002d4d9446890
Event: 22.499 Thread 0x000002d4ecf7fe90 flushing nmethod 0x000002d4d9924990
Event: 22.499 Thread 0x000002d4ecf7fe90 flushing nmethod 0x000002d4d9925190
Event: 22.499 Thread 0x000002d4ecf7fe90 flushing nmethod 0x000002d4d9925a90
Event: 22.499 Thread 0x000002d4ecf7fe90 flushing nmethod 0x000002d4d992b690


Dynamic libraries:
0x00007ff65c8e0000 - 0x00007ff65c8f0000 	C:\Program Files\Java\jdk-21.0.6\bin\java.exe
0x00007ffe35db0000 - 0x00007ffe35fc6000 	C:\Windows\SYSTEM32\ntdll.dll
0x00007ffe34810000 - 0x00007ffe348d4000 	C:\Windows\System32\KERNEL32.DLL
0x00007ffe334a0000 - 0x00007ffe33847000 	C:\Windows\System32\KERNELBASE.dll
0x00007ffe33850000 - 0x00007ffe33961000 	C:\Windows\System32\ucrtbase.dll
0x00007ffdf84f0000 - 0x00007ffdf850b000 	C:\Program Files\Java\jdk-21.0.6\bin\VCRUNTIME140.dll
0x00007ffdf84d0000 - 0x00007ffdf84e9000 	C:\Program Files\Java\jdk-21.0.6\bin\jli.dll
0x00007ffe34900000 - 0x00007ffe349b2000 	C:\Windows\System32\ADVAPI32.dll
0x00007ffe359a0000 - 0x00007ffe35a47000 	C:\Windows\System32\msvcrt.dll
0x00007ffe35460000 - 0x00007ffe35508000 	C:\Windows\System32\sechost.dll
0x00007ffe33170000 - 0x00007ffe33198000 	C:\Windows\System32\bcrypt.dll
0x00007ffe343b0000 - 0x00007ffe344c5000 	C:\Windows\System32\RPCRT4.dll
0x00007ffe35a50000 - 0x00007ffe35bfe000 	C:\Windows\System32\USER32.dll
0x00007ffe23430000 - 0x00007ffe236c3000 	C:\Windows\WinSxS\amd64_microsoft.windows.common-controls_6595b64144ccf1df_6.0.22621.3235_none_270f74e173860f98\COMCTL32.dll
0x00007ffe33a30000 - 0x00007ffe33a56000 	C:\Windows\System32\win32u.dll
0x00007ffe344d0000 - 0x00007ffe344f9000 	C:\Windows\System32\GDI32.dll
0x00007ffe33310000 - 0x00007ffe33429000 	C:\Windows\System32\gdi32full.dll
0x00007ffe330d0000 - 0x00007ffe3316a000 	C:\Windows\System32\msvcp_win.dll
0x00007ffe2c1b0000 - 0x00007ffe2c1ba000 	C:\Windows\SYSTEM32\VERSION.dll
0x00007ffe340d0000 - 0x00007ffe34101000 	C:\Windows\System32\IMM32.DLL
0x00007ffe0d880000 - 0x00007ffe0d88c000 	C:\Program Files\Java\jdk-21.0.6\bin\vcruntime140_1.dll
0x00007ffdf8440000 - 0x00007ffdf84ce000 	C:\Program Files\Java\jdk-21.0.6\bin\msvcp140.dll
0x00007ffd74690000 - 0x00007ffd753aa000 	C:\Program Files\Java\jdk-21.0.6\bin\server\jvm.dll
0x00007ffe34110000 - 0x00007ffe34181000 	C:\Windows\System32\WS2_32.dll
0x00007ffe32fa0000 - 0x00007ffe32fed000 	C:\Windows\SYSTEM32\POWRPROF.dll
0x00007ffe2c170000 - 0x00007ffe2c1a4000 	C:\Windows\SYSTEM32\WINMM.dll
0x00007ffe32f80000 - 0x00007ffe32f93000 	C:\Windows\SYSTEM32\UMPDC.dll
0x00007ffe32120000 - 0x00007ffe32138000 	C:\Windows\SYSTEM32\kernel.appcore.dll
0x00007ffdf8430000 - 0x00007ffdf843a000 	C:\Program Files\Java\jdk-21.0.6\bin\jimage.dll
0x00007ffe26ab0000 - 0x00007ffe26ce3000 	C:\Windows\SYSTEM32\DBGHELP.DLL
0x00007ffe33ae0000 - 0x00007ffe33e68000 	C:\Windows\System32\combase.dll
0x00007ffe35c00000 - 0x00007ffe35cd7000 	C:\Windows\System32\OLEAUT32.dll
0x00007ffe1b260000 - 0x00007ffe1b292000 	C:\Windows\SYSTEM32\dbgcore.DLL
0x00007ffe33a60000 - 0x00007ffe33ad9000 	C:\Windows\System32\bcryptPrimitives.dll
0x00007ffdf8420000 - 0x00007ffdf842f000 	C:\Program Files\Java\jdk-21.0.6\bin\instrument.dll
0x00007ffdf8400000 - 0x00007ffdf841f000 	C:\Program Files\Java\jdk-21.0.6\bin\java.dll
0x00007ffe349c0000 - 0x00007ffe3521c000 	C:\Windows\System32\SHELL32.dll
0x00007ffe31050000 - 0x00007ffe31949000 	C:\Windows\SYSTEM32\windows.storage.dll
0x00007ffe30f10000 - 0x00007ffe3104e000 	C:\Windows\SYSTEM32\wintypes.dll
0x00007ffe33fd0000 - 0x00007ffe340c3000 	C:\Windows\System32\SHCORE.dll
0x00007ffe35cf0000 - 0x00007ffe35d4e000 	C:\Windows\System32\shlwapi.dll
0x00007ffe33000000 - 0x00007ffe33021000 	C:\Windows\SYSTEM32\profapi.dll
0x00007ffdf8320000 - 0x00007ffdf83f7000 	C:\Program Files\Java\jdk-21.0.6\bin\jsvml.dll
0x00007ffde49f0000 - 0x00007ffde4a08000 	C:\Program Files\Java\jdk-21.0.6\bin\zip.dll
0x00007ffde4d30000 - 0x00007ffde4d40000 	C:\Program Files\Java\jdk-21.0.6\bin\net.dll
0x00007ffe2ce00000 - 0x00007ffe2cf36000 	C:\Windows\SYSTEM32\WINHTTP.dll
0x00007ffe32590000 - 0x00007ffe325f9000 	C:\Windows\system32\mswsock.dll
0x00007ffde49d0000 - 0x00007ffde49e6000 	C:\Program Files\Java\jdk-21.0.6\bin\nio.dll
0x00007ffde4ba0000 - 0x00007ffde4bb0000 	C:\Program Files\Java\jdk-21.0.6\bin\verify.dll
0x00007ffdb1980000 - 0x00007ffdb19a7000 	C:\Users\Admin\.gradle\native\c067742578af261105cb4f569cf0c3c89f3d7b1fecec35dd04571415982c5e48\windows-amd64\native-platform.dll
0x00007ffd711c0000 - 0x00007ffd71304000 	C:\Users\Admin\.gradle\native\100fb08df4bc3b14c8652ba06237920a3bd2aa13389f12d3474272988ae205f9\windows-amd64\native-platform-file-events.dll
0x00007ffde4ae0000 - 0x00007ffde4aea000 	C:\Program Files\Java\jdk-21.0.6\bin\management.dll
0x00007ffde4a50000 - 0x00007ffde4a5b000 	C:\Program Files\Java\jdk-21.0.6\bin\management_ext.dll
0x00007ffe35990000 - 0x00007ffe35998000 	C:\Windows\System32\PSAPI.DLL
0x00007ffe327e0000 - 0x00007ffe327fb000 	C:\Windows\SYSTEM32\CRYPTSP.dll
0x00007ffe32080000 - 0x00007ffe320b5000 	C:\Windows\system32\rsaenh.dll
0x00007ffe32680000 - 0x00007ffe326a8000 	C:\Windows\SYSTEM32\USERENV.dll
0x00007ffe32800000 - 0x00007ffe3280c000 	C:\Windows\SYSTEM32\CRYPTBASE.dll
0x00007ffe31bb0000 - 0x00007ffe31bdd000 	C:\Windows\SYSTEM32\IPHLPAPI.DLL
0x00007ffe345b0000 - 0x00007ffe345b9000 	C:\Windows\System32\NSI.dll
0x00007ffde4940000 - 0x00007ffde4949000 	C:\Program Files\Java\jdk-21.0.6\bin\extnet.dll
0x00007ffde4930000 - 0x00007ffde493e000 	C:\Program Files\Java\jdk-21.0.6\bin\sunmscapi.dll
0x00007ffe331a0000 - 0x00007ffe33306000 	C:\Windows\System32\CRYPT32.dll
0x00007ffe329a0000 - 0x00007ffe329ce000 	C:\Windows\SYSTEM32\ncrypt.dll
0x00007ffe32960000 - 0x00007ffe32997000 	C:\Windows\SYSTEM32\NTASN1.dll
0x00007ffe21fa0000 - 0x00007ffe21fa8000 	C:\Windows\system32\wshunix.dll

dbghelp: loaded successfully - version: 4.0.5 - missing functions: none
symbol engine: initialized successfully - sym options: 0x614 - pdb path: .;C:\Program Files\Java\jdk-21.0.6\bin;C:\Windows\SYSTEM32;C:\Windows\WinSxS\amd64_microsoft.windows.common-controls_6595b64144ccf1df_6.0.22621.3235_none_270f74e173860f98;C:\Program Files\Java\jdk-21.0.6\bin\server;C:\Users\Admin\.gradle\native\c067742578af261105cb4f569cf0c3c89f3d7b1fecec35dd04571415982c5e48\windows-amd64;C:\Users\Admin\.gradle\native\100fb08df4bc3b14c8652ba06237920a3bd2aa13389f12d3474272988ae205f9\windows-amd64

VM Arguments:
jvm_args: --add-opens=java.base/java.util=ALL-UNNAMED --add-opens=java.base/java.lang=ALL-UNNAMED --add-opens=java.base/java.lang.invoke=ALL-UNNAMED --add-opens=java.prefs/java.util.prefs=ALL-UNNAMED --add-exports=jdk.compiler/com.sun.tools.javac.api=ALL-UNNAMED --add-exports=jdk.compiler/com.sun.tools.javac.util=ALL-UNNAMED --add-opens=java.base/java.nio.charset=ALL-UNNAMED --add-opens=java.base/java.net=ALL-UNNAMED --add-opens=java.base/java.util.concurrent.atomic=ALL-UNNAMED -Xmx2048m -Dfile.encoding=UTF-8 -Duser.country=US -Duser.language=en -Duser.variant -javaagent:C:\Users\Admin\.gradle\wrapper\dists\gradle-8.10.2-bin\a04bxjujx95o3nb99gddekhwo\gradle-8.10.2\lib\agents\gradle-instrumentation-agent-8.10.2.jar 
java_command: org.gradle.launcher.daemon.bootstrap.GradleDaemon 8.10.2
java_class_path (initial): C:\Users\Admin\.gradle\wrapper\dists\gradle-8.10.2-bin\a04bxjujx95o3nb99gddekhwo\gradle-8.10.2\lib\gradle-daemon-main-8.10.2.jar
Launcher Type: SUN_STANDARD

[Global flags]
     intx CICompilerCount                          = 4                                         {product} {ergonomic}
     uint ConcGCThreads                            = 2                                         {product} {ergonomic}
     uint G1ConcRefinementThreads                  = 8                                         {product} {ergonomic}
   size_t G1HeapRegionSize                         = 1048576                                   {product} {ergonomic}
    uintx GCDrainStackTargetSize                   = 64                                        {product} {ergonomic}
   size_t InitialHeapSize                          = 234881024                                 {product} {ergonomic}
   size_t MarkStackSize                            = 4194304                                   {product} {ergonomic}
   size_t MaxHeapSize                              = 2147483648                                {product} {command line}
   size_t MaxNewSize                               = 1287651328                                {product} {ergonomic}
   size_t MinHeapDeltaBytes                        = 1048576                                   {product} {ergonomic}
   size_t MinHeapSize                              = 8388608                                   {product} {ergonomic}
    uintx NonNMethodCodeHeapSize                   = 5839372                                {pd product} {ergonomic}
    uintx NonProfiledCodeHeapSize                  = 122909434                              {pd product} {ergonomic}
    uintx ProfiledCodeHeapSize                     = 122909434                              {pd product} {ergonomic}
    uintx ReservedCodeCacheSize                    = 251658240                              {pd product} {ergonomic}
     bool SegmentedCodeCache                       = true                                      {product} {ergonomic}
   size_t SoftMaxHeapSize                          = 2147483648                             {manageable} {ergonomic}
     bool UseCompressedOops                        = true                           {product lp64_product} {ergonomic}
     bool UseG1GC                                  = true                                      {product} {ergonomic}
     bool UseLargePagesIndividualAllocation        = false                                  {pd product} {ergonomic}

Logging:
Log output configuration:
 #0: stdout all=warning uptime,level,tags foldmultilines=false
 #1: stderr all=off uptime,level,tags foldmultilines=false

Environment Variables:
PATH=C:\Users\Admin\Desktop\APP\Admin\db_home\bin;C:\Program Files (x86)\VMware\VMware Workstation\bin\;C:\Program Files\Common Files\Oracle\Java\javapath;C:\Windows\system32;C:\Windows;C:\Windows\System32\Wbem;C:\Windows\System32\WindowsPowerShell\v1.0\;C:\Windows\System32\OpenSSH\;C:\Program Files\NVIDIA Corporation\NVIDIA app\NvDLISR;C:\Program Files (x86)\NVIDIA Corporation\PhysX\Common;C:\Program Files\dotnet\;C:\Program Files\Git\cmd;C:\Program Files\nodejs\;C:\Program Files\Docker\Docker\resources\bin;c:\Users\Admin\AppData\Local\Programs\cursor\resources\app\bin;C:\Users\Admin\AppData\Local\Programs\Python\Launcher\;C:\Users\Admin\AppData\Local\Microsoft\WindowsApps;C:\Users\Admin\AppData\Local\GitHubDesktop\bin;C:\Users\Admin\AppData\Local\Programs\Microsoft VS Code\bin;C:\Users\Admin\AppData\Local\Programs\cursor\resources\app\bin;C:\Program Files\Java\jdk-23\bin;C:\Users\Admin\AppData\Roaming\npm
USERNAME=Admin
OS=Windows_NT
PROCESSOR_IDENTIFIER=AMD64 Family 23 Model 24 Stepping 1, AuthenticAMD
TMP=C:\Users\Admin\AppData\Local\Temp
TEMP=C:\Users\Admin\AppData\Local\Temp




Periodic native trim disabled

---------------  S Y S T E M  ---------------

OS:
 Windows 11 , 64 bit Build 22621 (10.0.22621.3371)
OS uptime: 0 days 2:08 hours

CPU: total 8 (initial active 8) (8 cores per cpu, 2 threads per core) family 23 model 24 stepping 1 microcode 0x0, cx8, cmov, fxsr, ht, mmx, 3dnowpref, sse, sse2, sse3, ssse3, sse4a, sse4.1, sse4.2, popcnt, lzcnt, tsc, tscinvbit, avx, avx2, aes, clmul, bmi1, bmi2, adx, sha, fma, vzeroupper, clflush, clflushopt, rdtscp, f16c
Processor Information for all 8 processors :
  Max Mhz: 2100, Current Mhz: 2100, Mhz Limit: 2100

Memory: 4k page, system-wide physical 14269M (176M free)
TotalPageFile size 22461M (AvailPageFile size 0M)
current process WorkingSet (physical memory assigned to process): 369M, peak: 370M
current process commit charge ("private bytes"): 411M, peak: 412M

vm_info: Java HotSpot(TM) 64-Bit Server VM (21.0.6+8-LTS-188) for windows-amd64 JRE (21.0.6+8-LTS-188), built on 2024-12-03T10:50:54Z by "mach5one" with MS VC++ 17.6 (VS2022)

END.
